C:\Users\francisco.andrade\Documents\NetBeansProjects\TechOS_ProjetoIntegrador\src\main\java\com\mycompany\techos_projetointegrador\Cliente.java
C:\Users\francisco.andrade\Documents\NetBeansProjects\TechOS_ProjetoIntegrador\src\main\java\com\mycompany\techos_projetointegrador\ConsultadeOrdensdeServiço.java
C:\Users\francisco.andrade\Documents\NetBeansProjects\TechOS_ProjetoIntegrador\src\main\java\com\mycompany\techos_projetointegrador\OrdemServico.java
C:\Users\francisco.andrade\Documents\NetBeansProjects\TechOS_ProjetoIntegrador\src\main\java\com\mycompany\techos_projetointegrador\TechOS_ProjetoIntegrador.java
C:\Users\francisco.andrade\Documents\NetBeansProjects\TechOS_ProjetoIntegrador\src\main\java\com\mycompany\techos_projetointegrador\TelaCliente.java
C:\Users\francisco.andrade\Documents\NetBeansProjects\TechOS_ProjetoIntegrador\src\main\java\com\mycompany\techos_projetointegrador\TelaConsultaClientes.java
C:\Users\francisco.andrade\Documents\NetBeansProjects\TechOS_ProjetoIntegrador\src\main\java\com\mycompany\techos_projetointegrador\TelaConsultaTecnicos.java
C:\Users\francisco.andrade\Documents\NetBeansProjects\TechOS_ProjetoIntegrador\src\main\java\com\mycompany\techos_projetointegrador\TelaOS.java
C:\Users\francisco.andrade\Documents\NetBeansProjects\TechOS_ProjetoIntegrador\src\main\java\com\mycompany\techos_projetointegrador\TelaPrincipal.java
C:\Users\francisco.andrade\Documents\NetBeansProjects\TechOS_ProjetoIntegrador\src\main\java\com\mycompany\techos_projetointegrador\TelaTecnico.java
